[36mvite v4.5.14 [32mbuilding for production...[36m[39m
transforming...
[32mÔ£ô[39m 8 modules transformed.
[32mÔ£ô built in 5.61s[39m
node.exe : [31m[vite:css] [postcss] C:/U
sers/princ/Downloads/Resume/Resume-/front
end/src/index.css:1:1: The 
`scrollbar-thin` class does not exist. 
If `scrollbar-thin` is a custom class, 
make sure it is defined within a 
`@layer` directive.[39m
At line:1 char:1
+ & "C:\Program Files\nodejs/node.exe" 
"C:\Program Files\nodejs/node_mo ...
+ ~~~~~~~~~~~~~~~~~~~~~~~~~~~~~~~~~~~~~~~
~~~~~~~~~~~~~~~~~~~~~~~~~~~~~~
    + CategoryInfo          : NotSpecifi 
   ed: ([31m[vite:css]...directive.[3  
  9m:String) [], RemoteException
    + FullyQualifiedErrorId : NativeComm 
   andError
 
file: [36mC:/Users/princ/Downloads/Resum
e/Resume-/frontend/src/index.css:1:1[39m
[31merror during build:
CssSyntaxError: [postcss] C:/Users/princ/
Downloads/Resume/Resume-/frontend/src/ind
ex.css:1:1: The `scrollbar-thin` class 
does not exist. If `scrollbar-thin` is a 
custom class, make sure it is defined 
within a `@layer` directive.
    at Input.error (C:\Users\princ\Downlo
ads\Resume\Resume-\frontend\node_modules\
postcss\lib\input.js:135:16)
    at AtRule.error (C:\Users\princ\Downl
oads\Resume\Resume-\frontend\node_modules
\postcss\lib\node.js:146:32)
    at processApply (C:\Users\princ\Downl
oads\Resume\Resume-\frontend\node_modules
\tailwindcss\lib\lib\expandApplyAtRules.j
s:380:29)
    at C:\Users\princ\Downloads\Resume\Re
sume-\frontend\node_modules\tailwindcss\l
ib\lib\expandApplyAtRules.js:551:9
    at C:\Users\princ\Downloads\Resume\Re
sume-\frontend\node_modules\tailwindcss\l
ib\processTailwindFeatures.js:55:50
    at async plugins (C:\Users\princ\Down
loads\Resume\Resume-\frontend\node_module
s\tailwindcss\lib\plugin.js:38:17)
    at async LazyResult.runAsync (C:\User
s\princ\Downloads\Resume\Resume-\frontend
\node_modules\postcss\lib\lazy-result.js:
293:11)
    at async compileCSS (file:///C:/Users
/princ/Downloads/Resume/Resume-/frontend/
node_modules/vite/dist/node/chunks/dep-82
7b23df.js:38904:25)
    at async Object.transform (file:///C:
/Users/princ/Downloads/Resume/Resume-/fro
ntend/node_modules/vite/dist/node/chunks/
dep-827b23df.js:38301:56)
    at async transform (file:///C:/Users/
princ/Downloads/Resume/Resume-/frontend/n
ode_modules/rollup/dist/es/shared/node-en
try.js:24478:16)[39m
