src/App_lite.tsx(9,19): error TS2307: Cannot find module './pages/Login_lite' or its corresponding type declarations.
src/App_lite.tsx(10,23): error TS2307: Cannot find module './pages/Dashboard_lite' or its corresponding type declarations.
src/App_lite.tsx(11,27): error TS2307: Cannot find module './pages/ResumeBuilder_lite' or its corresponding type declarations.
src/App_lite.tsx(12,27): error TS2307: Cannot find module './pages/ResumeChecker_lite' or its corresponding type declarations.
src/App_lite.tsx(13,23): error TS2307: Cannot find module './pages/Templates_lite' or its corresponding type declarations.
src/App_lite.tsx(14,21): error TS2307: Cannot find module './pages/Profile_lite' or its corresponding type declarations.
src/components/OnboardingWizard.tsx(7,24): error TS2339: Property 'checkAuth' does not exist on type 'AuthState & AuthActions'.
src/main.tsx(3,17): error TS5097: An import path can only end with a '.tsx' extension when 'allowImportingTsExtensions' is enabled.
